exports[`The bottom nav > hasn't changed on / #0`] = `
<div class="Footer_footer__dkgb2 utils_siteMaxWidth__RoKR0" data-cy="footer">
  <div class="utils_row__rgSWa">
    <div
      class="Footer_linkGroup__kZRhx utils_colXs6__FKYQ2 utils_colSm4__mV_92 utils_colMd3__yxbeL"
    >
      <h2 class="Footer_linkHeader__GLg7l">DPLA</h2>
      <ul>
        <li>
          <a
            data-cy="footer-link-frequently-asked-questions"
            href="/about/frequently-asked-questions"
            >Frequently Asked Questions</a
          >
        </li>
        <li>
          <a data-cy="footer-link-guides" href="/guides">How Can I Use DPLA?</a>
        </li>
        <li>
          <a
            data-cy="footer-link-terms-conditions"
            href="/about/terms-conditions"
            >Terms &amp; Conditions</a
          >
        </li>
        <li><a href="/about/harmful-language-statement">Harmful Content</a></li>
        <li><a data-cy="footer-link-about" href="/about">About DPLA</a></li>
        <li><a data-cy="footer-link-contact" href="/contact">Contact Us</a></li>
        <li>
          <div>
            <a href="#">Feedback</a>
            <div role="dialog" class="FeedbackForm_feedbackModal__mUx52 "></div>
          </div>
        </li>
        <li><a data-cy="footer-link-news" href="/news">News</a></li>
      </ul>
    </div>
    <div
      class="Footer_linkGroup__kZRhx utils_colXs6__FKYQ2 utils_colSm4__mV_92 utils_colMd3__yxbeL"
    >
      <h2 class="Footer_linkHeader__GLg7l">Tools</h2>
      <ul>
        <li>
          <a
            data-cy="footer-link-primary-source-sets"
            href="/primary-source-sets"
            >Primary Source Sets</a
          >
        </li>
        <li>
          <a data-cy="footer-link-browse-by-partner" href="/browse-by-partner"
            >Browse by Partner</a
          >
        </li>
        <li>
          <a data-cy="footer-link-browse-by-topic" href="/browse-by-topic"
            >Browse by Topic</a
          >
        </li>
        <li>
          <a data-cy="footer-link-exhibitions" href="/exhibitions"
            >Exhibitions</a
          >
        </li>
        <li><a data-cy="footer-link-lists" href="/lists">My Lists</a></li>
        <li><a data-cy="footer-link-search" href="/search">Search</a></li>
      </ul>
    </div>
    <div
      class="Footer_linkGroup__kZRhx utils_colXs6__FKYQ2 utils_colSm4__mV_92 utils_colMd3__yxbeL"
    >
      <h2 class="Footer_linkHeader__GLg7l">DPLA Pro</h2>
      <ul>
        <li>
          <a data-cy="footer-link-pro" href="https://pro.dp.la"
            >DPLA Pro Home</a
          >
        </li>
        <li>
          <a
            data-cy="footer-link-prospective-hubs"
            href="https://pro.dp.la/prospective-hubs"
            >Prospective Hubs</a
          >
        </li>
        <li>
          <a data-cy="footer-link-hub-network" href="https://pro.dp.la/hubs"
            >Hub Network</a
          >
        </li>
        <li>
          <a
            data-cy="footer-link-developers"
            href="https://pro.dp.la/developers"
            >Developers</a
          >
        </li>
        <li>
          <a data-cy="footer-link-education" href="https://pro.dp.la/education"
            >Education</a
          >
        </li>
        <li>
          <a data-cy="footer-link-projects" href="https://pro.dp.la/projects"
            >Projects</a
          >
        </li>
        <li>
          <a data-cy="footer-link-ebooks" href="https://pro.dp.la/ebooks"
            >Ebooks</a
          >
        </li>
        <li>
          <a data-cy="footer-link-events" href="https://pro.dp.la/events"
            >Events</a
          >
        </li>
      </ul>
    </div>
    <div class="utils_colXs12__z6Otq utils_colMd3__yxbeL">
      <div class="Footer_donateButton__jWcgG">
        <a
          class="Button_buttonBase__t1PTy Button_buttonPrimary__R1eIM Button_buttonLarge__yJ6bG"
          href="/donate"
          >Donate</a
        >
      </div>
    </div>
  </div>
</div>
`;

exports[`The bottom nav > on /, footer-link-frequently-asked-questions navigates to /about/frequently-asked-questions #0`] = `
Frequently Asked Questions | DPLA
`;

exports[`The bottom nav > on /, footer-link-guides navigates to /guides #0`] = `
Guides | DPLA
`;

exports[`The bottom nav > on /, footer-link-terms-conditions navigates to /about/terms-conditions #0`] = `
Terms & Conditions | DPLA
`;

exports[`The bottom nav > on /, footer-link-about navigates to /about #0`] = `
About Us | DPLA
`;

exports[`The bottom nav > on /, footer-link-contact navigates to /contact #0`] = `
Contact Us | DPLA
`;

exports[`The bottom nav > on /, footer-link-news navigates to /news #0`] = `
News | DPLA
`;

exports[`The bottom nav > on /, footer-link-primary-source-sets navigates to /primary-source-sets #0`] = `
Primary Source Sets | DPLA
`;

exports[`The bottom nav > on /, footer-link-browse-by-partner navigates to /browse-by-partner #0`] = `
Browse by Partner | DPLA
`;

exports[`The bottom nav > on /, footer-link-browse-by-topic navigates to /browse-by-topic #0`] = `
Browse by Topic | DPLA
`;

exports[`The bottom nav > on /, footer-link-exhibitions navigates to /exhibitions #0`] = `
Exhibitions | DPLA
`;

exports[`The bottom nav > on /, footer-link-lists navigates to /lists #0`] = `
My Lists | DPLA
`;
